<?xml version="1.0" encoding="UTF-8"?>
<testsuites>
  <testsuite name="/home/jyotirmay/webstore-jay/phpunit.xml" tests="25" assertions="55" errors="0" failures="5" skipped="0" time="7.157668">
    <testsuite name="Unit" tests="1" assertions="1" errors="0" failures="0" skipped="0" time="0.002444">
      <testsuite name="Tests\Unit\ExampleTest" file="/home/jyotirmay/webstore-jay/tests/Unit/ExampleTest.php" tests="1" assertions="1" errors="0" failures="0" skipped="0" time="0.002444">
        <testcase name="test_that_true_is_true" file="/home/jyotirmay/webstore-jay/tests/Unit/ExampleTest.php" line="12" class="Tests\Unit\ExampleTest" classname="Tests.Unit.ExampleTest" assertions="1" time="0.002444"/>
      </testsuite>
    </testsuite>
    <testsuite name="Feature" tests="24" assertions="54" errors="0" failures="5" skipped="0" time="7.155224">
      <testsuite name="Tests\Feature\Auth\AuthenticationTest" file="/home/jyotirmay/webstore-jay/tests/Feature/Auth/AuthenticationTest.php" tests="4" assertions="8" errors="0" failures="0" skipped="0" time="1.244852">
        <testcase name="test_login_screen_can_be_rendered" file="/home/jyotirmay/webstore-jay/tests/Feature/Auth/AuthenticationTest.php" line="13" class="Tests\Feature\Auth\AuthenticationTest" classname="Tests.Feature.Auth.AuthenticationTest" assertions="1" time="0.947830"/>
        <testcase name="test_users_can_authenticate_using_the_login_screen" file="/home/jyotirmay/webstore-jay/tests/Feature/Auth/AuthenticationTest.php" line="20" class="Tests\Feature\Auth\AuthenticationTest" classname="Tests.Feature.Auth.AuthenticationTest" assertions="3" time="0.037566"/>
        <testcase name="test_users_can_not_authenticate_with_invalid_password" file="/home/jyotirmay/webstore-jay/tests/Feature/Auth/AuthenticationTest.php" line="37" class="Tests\Feature\Auth\AuthenticationTest" classname="Tests.Feature.Auth.AuthenticationTest" assertions="1" time="0.232829"/>
        <testcase name="test_users_can_logout" file="/home/jyotirmay/webstore-jay/tests/Feature/Auth/AuthenticationTest.php" line="49" class="Tests\Feature\Auth\AuthenticationTest" classname="Tests.Feature.Auth.AuthenticationTest" assertions="3" time="0.026627"/>
      </testsuite>
      <testsuite name="Tests\Feature\Auth\EmailVerificationTest" file="/home/jyotirmay/webstore-jay/tests/Feature/Auth/EmailVerificationTest.php" tests="3" assertions="6" errors="0" failures="0" skipped="0" time="0.088600">
        <testcase name="test_email_verification_screen_can_be_rendered" file="/home/jyotirmay/webstore-jay/tests/Feature/Auth/EmailVerificationTest.php" line="16" class="Tests\Feature\Auth\EmailVerificationTest" classname="Tests.Feature.Auth.EmailVerificationTest" assertions="1" time="0.030146"/>
        <testcase name="test_email_can_be_verified" file="/home/jyotirmay/webstore-jay/tests/Feature/Auth/EmailVerificationTest.php" line="25" class="Tests\Feature\Auth\EmailVerificationTest" classname="Tests.Feature.Auth.EmailVerificationTest" assertions="4" time="0.030121"/>
        <testcase name="test_email_is_not_verified_with_invalid_hash" file="/home/jyotirmay/webstore-jay/tests/Feature/Auth/EmailVerificationTest.php" line="44" class="Tests\Feature\Auth\EmailVerificationTest" classname="Tests.Feature.Auth.EmailVerificationTest" assertions="1" time="0.028333"/>
      </testsuite>
      <testsuite name="Tests\Feature\Auth\PasswordConfirmationTest" file="/home/jyotirmay/webstore-jay/tests/Feature/Auth/PasswordConfirmationTest.php" tests="3" assertions="4" errors="0" failures="0" skipped="0" time="1.193687">
        <testcase name="test_confirm_password_screen_can_be_rendered" file="/home/jyotirmay/webstore-jay/tests/Feature/Auth/PasswordConfirmationTest.php" line="13" class="Tests\Feature\Auth\PasswordConfirmationTest" classname="Tests.Feature.Auth.PasswordConfirmationTest" assertions="1" time="0.029464"/>
        <testcase name="test_password_can_be_confirmed" file="/home/jyotirmay/webstore-jay/tests/Feature/Auth/PasswordConfirmationTest.php" line="22" class="Tests\Feature\Auth\PasswordConfirmationTest" classname="Tests.Feature.Auth.PasswordConfirmationTest" assertions="2" time="0.930913"/>
        <testcase name="test_password_is_not_confirmed_with_invalid_password" file="/home/jyotirmay/webstore-jay/tests/Feature/Auth/PasswordConfirmationTest.php" line="34" class="Tests\Feature\Auth\PasswordConfirmationTest" classname="Tests.Feature.Auth.PasswordConfirmationTest" assertions="1" time="0.233309"/>
      </testsuite>
      <testsuite name="Tests\Feature\Auth\PasswordResetTest" file="/home/jyotirmay/webstore-jay/tests/Feature/Auth/PasswordResetTest.php" tests="4" assertions="4" errors="0" failures="3" skipped="0" time="2.799633">
        <testcase name="test_reset_password_link_screen_can_be_rendered" file="/home/jyotirmay/webstore-jay/tests/Feature/Auth/PasswordResetTest.php" line="15" class="Tests\Feature\Auth\PasswordResetTest" classname="Tests.Feature.Auth.PasswordResetTest" assertions="1" time="0.020561"/>
        <testcase name="test_reset_password_link_can_be_requested" file="/home/jyotirmay/webstore-jay/tests/Feature/Auth/PasswordResetTest.php" line="22" class="Tests\Feature\Auth\PasswordResetTest" classname="Tests.Feature.Auth.PasswordResetTest" assertions="1" time="0.954121">
          <failure type="PHPUnit\Framework\ExpectationFailedException">Tests\Feature\Auth\PasswordResetTest::test_reset_password_link_can_be_requested
The expected [Illuminate\Auth\Notifications\ResetPassword] notification was not sent.
Failed asserting that false is true.

/home/jyotirmay/webstore-jay/vendor/laravel/framework/src/Illuminate/Support/Testing/Fakes/NotificationFake.php:89
/home/jyotirmay/webstore-jay/vendor/laravel/framework/src/Illuminate/Support/Facades/Facade.php:363
/home/jyotirmay/webstore-jay/tests/Feature/Auth/PasswordResetTest.php:30</failure>
        </testcase>
        <testcase name="test_reset_password_screen_can_be_rendered" file="/home/jyotirmay/webstore-jay/tests/Feature/Auth/PasswordResetTest.php" line="33" class="Tests\Feature\Auth\PasswordResetTest" classname="Tests.Feature.Auth.PasswordResetTest" assertions="1" time="0.923904">
          <failure type="PHPUnit\Framework\ExpectationFailedException">Tests\Feature\Auth\PasswordResetTest::test_reset_password_screen_can_be_rendered
The expected [Illuminate\Auth\Notifications\ResetPassword] notification was not sent.
Failed asserting that false is true.

/home/jyotirmay/webstore-jay/vendor/laravel/framework/src/Illuminate/Support/Testing/Fakes/NotificationFake.php:89
/home/jyotirmay/webstore-jay/vendor/laravel/framework/src/Illuminate/Support/Facades/Facade.php:363
/home/jyotirmay/webstore-jay/tests/Feature/Auth/PasswordResetTest.php:41</failure>
        </testcase>
        <testcase name="test_password_can_be_reset_with_valid_token" file="/home/jyotirmay/webstore-jay/tests/Feature/Auth/PasswordResetTest.php" line="50" class="Tests\Feature\Auth\PasswordResetTest" classname="Tests.Feature.Auth.PasswordResetTest" assertions="1" time="0.901048">
          <failure type="PHPUnit\Framework\ExpectationFailedException">Tests\Feature\Auth\PasswordResetTest::test_password_can_be_reset_with_valid_token
The expected [Illuminate\Auth\Notifications\ResetPassword] notification was not sent.
Failed asserting that false is true.

/home/jyotirmay/webstore-jay/vendor/laravel/framework/src/Illuminate/Support/Testing/Fakes/NotificationFake.php:89
/home/jyotirmay/webstore-jay/vendor/laravel/framework/src/Illuminate/Support/Facades/Facade.php:363
/home/jyotirmay/webstore-jay/tests/Feature/Auth/PasswordResetTest.php:58</failure>
        </testcase>
      </testsuite>
      <testsuite name="Tests\Feature\Auth\PasswordUpdateTest" file="/home/jyotirmay/webstore-jay/tests/Feature/Auth/PasswordUpdateTest.php" tests="2" assertions="8" errors="0" failures="1" skipped="0" time="0.964366">
        <testcase name="test_password_can_be_updated" file="/home/jyotirmay/webstore-jay/tests/Feature/Auth/PasswordUpdateTest.php" line="14" class="Tests\Feature\Auth\PasswordUpdateTest" classname="Tests.Feature.Auth.PasswordUpdateTest" assertions="4" time="0.931062">
          <failure type="PHPUnit\Framework\ExpectationFailedException">Tests\Feature\Auth\PasswordUpdateTest::test_password_can_be_updated
Failed asserting that false is true.

/home/jyotirmay/webstore-jay/tests/Feature/Auth/PasswordUpdateTest.php:31</failure>
        </testcase>
        <testcase name="test_correct_password_must_be_provided_to_update_password" file="/home/jyotirmay/webstore-jay/tests/Feature/Auth/PasswordUpdateTest.php" line="34" class="Tests\Feature\Auth\PasswordUpdateTest" classname="Tests.Feature.Auth.PasswordUpdateTest" assertions="4" time="0.033304"/>
      </testsuite>
      <testsuite name="Tests\Feature\Auth\RegistrationTest" file="/home/jyotirmay/webstore-jay/tests/Feature/Auth/RegistrationTest.php" tests="2" assertions="2" errors="0" failures="1" skipped="0" time="0.708074">
        <testcase name="test_registration_screen_can_be_rendered" file="/home/jyotirmay/webstore-jay/tests/Feature/Auth/RegistrationTest.php" line="12" class="Tests\Feature\Auth\RegistrationTest" classname="Tests.Feature.Auth.RegistrationTest" assertions="1" time="0.020415"/>
        <testcase name="test_new_users_can_register" file="/home/jyotirmay/webstore-jay/tests/Feature/Auth/RegistrationTest.php" line="19" class="Tests\Feature\Auth\RegistrationTest" classname="Tests.Feature.Auth.RegistrationTest" assertions="1" time="0.687658">
          <failure type="PHPUnit\Framework\ExpectationFailedException">Tests\Feature\Auth\RegistrationTest::test_new_users_can_register
The user is not authenticated
Failed asserting that false is true.

/home/jyotirmay/webstore-jay/vendor/laravel/framework/src/Illuminate/Foundation/Testing/Concerns/InteractsWithAuthentication.php:64
/home/jyotirmay/webstore-jay/tests/Feature/Auth/RegistrationTest.php:28</failure>
        </testcase>
      </testsuite>
      <testsuite name="Tests\Feature\ExampleTest" file="/home/jyotirmay/webstore-jay/tests/Feature/ExampleTest.php" tests="1" assertions="1" errors="0" failures="0" skipped="0" time="0.016543">
        <testcase name="test_the_application_returns_a_successful_response" file="/home/jyotirmay/webstore-jay/tests/Feature/ExampleTest.php" line="13" class="Tests\Feature\ExampleTest" classname="Tests.Feature.ExampleTest" assertions="1" time="0.016543"/>
      </testsuite>
      <testsuite name="Tests\Feature\ProfileTest" file="/home/jyotirmay/webstore-jay/tests/Feature/ProfileTest.php" tests="5" assertions="21" errors="0" failures="0" skipped="0" time="0.139469">
        <testcase name="test_profile_page_is_displayed" file="/home/jyotirmay/webstore-jay/tests/Feature/ProfileTest.php" line="13" class="Tests\Feature\ProfileTest" classname="Tests.Feature.ProfileTest" assertions="1" time="0.037178"/>
        <testcase name="test_profile_information_can_be_updated" file="/home/jyotirmay/webstore-jay/tests/Feature/ProfileTest.php" line="24" class="Tests\Feature\ProfileTest" classname="Tests.Feature.ProfileTest" assertions="6" time="0.027655"/>
        <testcase name="test_email_verification_status_is_unchanged_when_the_email_address_is_unchanged" file="/home/jyotirmay/webstore-jay/tests/Feature/ProfileTest.php" line="46" class="Tests\Feature\ProfileTest" classname="Tests.Feature.ProfileTest" assertions="4" time="0.027504"/>
        <testcase name="test_user_can_delete_their_account" file="/home/jyotirmay/webstore-jay/tests/Feature/ProfileTest.php" line="64" class="Tests\Feature\ProfileTest" classname="Tests.Feature.ProfileTest" assertions="5" time="0.023633"/>
        <testcase name="test_correct_password_must_be_provided_to_delete_account" file="/home/jyotirmay/webstore-jay/tests/Feature/ProfileTest.php" line="82" class="Tests\Feature\ProfileTest" classname="Tests.Feature.ProfileTest" assertions="5" time="0.023500"/>
      </testsuite>
    </testsuite>
  </testsuite>
</testsuites>
